17:59:20 **** Build of configuration Debug for project 001_Hello_world ****
make -j4 all 
arm-none-eabi-size  001_Hello_world.elf 
   text	   data	    bss	    dec	    hex	filename
   5028	     92	   1900	   7020	   1b6c	001_Hello_world.elf
Finished building: default.size.stdout
 
18:00:01 **** Incremental Build of configuration Debug for project 001_Hello_world ****
make -j4 all 
arm-none-eabi-size  001_Hello_world.elf 
   text	   data	    bss	    dec	    hex	filename
   5028	     92	   1900	   7020	   1b6c	001_Hello_world.elf
Finished building: default.size.stdout
 
