13:49:43 **** Build of configuration Debug for project 015_CAN_LoopBack_Mode ****
make -j4 all 
arm-none-eabi-gcc "../Core/Src/main.c" -mcpu=cortex-m4 -std=gnu11 -g3 -DDEBUG -DUSE_HAL_DRIVER -DSTM32F446xx -c -I../Core/Inc -I../Drivers/STM32F4xx_HAL_Driver/Inc -I../Drivers/STM32F4xx_HAL_Driver/Inc/Legacy -I../Drivers/CMSIS/Device/ST/STM32F4xx/Include -O0 -ffunction-sections -fdata-sections -Wall -fstack-usage -fcyclomatic-complexity -MMD -MP -MF"Core/Src/main.d" -MT"Core/Src/main.o" --specs=nano.specs -mfpu=fpv4-sp-d16 -mfloat-abi=hard -mthumb -o "Core/Src/main.o"
arm-none-eabi-gcc -o "015_CAN_LoopBack_Mode.elf" @"objects.list"   -mcpu=cortex-m4 -T"/home/lenovo/Documents/embedded-systems-toolkit/015_CAN_LoopBack_Mode/STM32F446RETX_FLASH.ld" --specs=nosys.specs -Wl,-Map="015_CAN_LoopBack_Mode.map" -Wl,--gc-sections -static --specs=nano.specs -mfpu=fpv4-sp-d16 -mfloat-abi=hard -mthumb -Wl,--start-group -lc -lm -Wl,--end-group
Finished building target: 015_CAN_LoopBack_Mode.elf
 
arm-none-eabi-size  015_CAN_LoopBack_Mode.elf 
arm-none-eabi-objdump -h -S 015_CAN_LoopBack_Mode.elf  > "015_CAN_LoopBack_Mode.list"
   text	   data	    bss	    dec	    hex	filename
  14540	     92	   2012	  16644	   4104	015_CAN_LoopBack_Mode.elf
Finished building: default.size.stdout
 
Finished building: 015_CAN_LoopBack_Mode.list
 

13:49:44 Build Finished. 0 errors, 0 warnings. (took 924ms)

