12:14:39 **** Incremental Build of configuration Debug for project 019_GPIO_HAL_DMA_IT ****
make -j4 all 
arm-none-eabi-gcc "../Core/Src/main.c" -mcpu=cortex-m4 -std=gnu11 -g3 -DDEBUG -DUSE_HAL_DRIVER -DSTM32F446xx -c -I../Core/Inc -I../Drivers/STM32F4xx_HAL_Driver/Inc -I../Drivers/STM32F4xx_HAL_Driver/Inc/Legacy -I../Drivers/CMSIS/Device/ST/STM32F4xx/Include -O0 -ffunction-sections -fdata-sections -Wall -fstack-usage -fcyclomatic-complexity -MMD -MP -MF"Core/Src/main.d" -MT"Core/Src/main.o" --specs=nano.specs -mfpu=fpv4-sp-d16 -mfloat-abi=hard -mthumb -o "Core/Src/main.o"
arm-none-eabi-gcc -o "019_GPIO_HAL_DMA_IT.elf" @"objects.list"   -mcpu=cortex-m4 -T"/home/lenovo/Documents/embedded-systems-toolkit/019_GPIO_HAL_DMA_IT/STM32F446RETX_FLASH.ld" --specs=nosys.specs -Wl,-Map="019_GPIO_HAL_DMA_IT.map" -Wl,--gc-sections -static --specs=nano.specs -mfpu=fpv4-sp-d16 -mfloat-abi=hard -mthumb -Wl,--start-group -lc -lm -Wl,--end-group
Finished building target: 019_GPIO_HAL_DMA_IT.elf
 
arm-none-eabi-size  019_GPIO_HAL_DMA_IT.elf 
arm-none-eabi-objdump -h -S 019_GPIO_HAL_DMA_IT.elf  > "019_GPIO_HAL_DMA_IT.list"
   text	   data	    bss	    dec	    hex	filename
  10536	     16	   1736	  12288	   3000	019_GPIO_HAL_DMA_IT.elf
Finished building: default.size.stdout
 
Finished building: 019_GPIO_HAL_DMA_IT.list
 

12:14:40 Build Finished. 0 errors, 0 warnings. (took 659ms)

